
=== D0环境验证报告_V1.1.1.md ===
  mermaid: PASS
    [SKIP] D0环境验证报告_V1.1.1.md :: 未找到 ```mermaid 代码块
    
    ==> 全部 0 张图通过语法校验
  lint   : PASS
    文件: D:\新建文件夹\blogs\双人对话播客自动生成系统\D0环境验证报告_V1.1.1.md
    字符数: 15823
    代码围栏: 10（配平: OK）
    Mermaid 块: 0
    章节数: 13（数字体例）+ 10（中文序号体例）
    章节序列: ['2.1', '2.2', '2.3', '3.1', '3.2', '3.3', '4.1', '4.2', '4.3', '4.4', '10.1', '10.2', '10.3']
    
    日期: 2026-09-14 ~ 2026-09-15（2 个）
    
    --- 问题清单 ---
      无

=== D10评测压测实施报告_V1.1.0.md ===
  mermaid: PASS
    [PASS] D10评测压测实施报告_V1.1.0.md #1 (flowchart LR)
    [PASS] D10评测压测实施报告_V1.1.0.md #2 (flowchart TD)
    
    ==> 全部 2 张图通过语法校验
  lint   : PASS
    文件: D:\新建文件夹\blogs\双人对话播客自动生成系统\D10评测压测实施报告_V1.1.0.md
    字符数: 27023
    代码围栏: 12（配平: OK）
    Mermaid 块: 2
    章节数: 17（数字体例）+ 7（中文序号体例）
    章节序列: ['3.1', '3.2', '3.3', '3.4', '4.1', '4.2', '4.3', '4.4', '6.1', '6.2', '6.3', '6.4', '6.5', '6.6', '7.1', '7.2', '7.3']
    
    日期: 2026-09-18 ~ 2026-09-18（1 个）
    
    --- 问题清单 ---
      无

=== D11评测指标达标实施报告_V1.2.0.md ===
  mermaid: PASS
    [PASS] D11评测指标达标实施报告_V1.2.0.md #1 (flowchart TD)
    
    ==> 全部 1 张图通过语法校验
  lint   : PASS
    文件: D:\新建文件夹\blogs\双人对话播客自动生成系统\D11评测指标达标实施报告_V1.2.0.md
    字符数: 17100
    代码围栏: 22（配平: OK）
    Mermaid 块: 1
    章节数: 22（数字体例）+ 8（中文序号体例）
    章节序列: ['3.1', '3.2', '3.3', '3.4', '3.5', '4.1', '4.2', '4.3', '4.4', '5.1', '5.2', '5.3', '5.4', '5.5', '5.6', '6.1', '7.1', '7.2', '7.3', '8.1', '8.2', '8.3']
    
    日期: 2026-09-18 ~ 2026-09-20（2 个）
    
    --- 问题清单 ---
      无

=== D12性能优化与稳定性加固实施报告_V1.4.0.md ===
  mermaid: PASS
    [PASS] D12性能优化与稳定性加固实施报告_V1.4.0.md #1 (flowchart TD)
    
    ==> 全部 1 张图通过语法校验
  lint   : PASS
    文件: D:\新建文件夹\blogs\双人对话播客自动生成系统\D12性能优化与稳定性加固实施报告_V1.4.0.md
    字符数: 28160
    代码围栏: 26（配平: OK）
    Mermaid 块: 1
    章节数: 20（数字体例）+ 7（中文序号体例）
    章节序列: ['1.1', '1.2', '3.1', '3.2', '3.3', '3.4', '3.5', '4.1', '4.2', '5.1', '5.2', '5.3', '5.4', '5.5', '6.1', '6.2', '6.3', '6.4', '7.1', '7.2']
    
    日期: 2026-09-18 ~ 2026-09-18（1 个）
    
    --- 问题清单 ---
      无

=== D1环境基线与冒烟测试报告_V1.0.1.md ===
  mermaid: PASS
    [SKIP] D1环境基线与冒烟测试报告_V1.0.1.md :: 未找到 ```mermaid 代码块
    
    ==> 全部 0 张图通过语法校验
  lint   : PASS
    文件: D:\新建文件夹\blogs\双人对话播客自动生成系统\D1环境基线与冒烟测试报告_V1.0.1.md
    字符数: 12621
    代码围栏: 8（配平: OK）
    Mermaid 块: 0
    章节数: 20（数字体例）+ 0（中文序号体例）
    章节序列: ['1.', '2.', '2.1', '2.2', '2.3', '2.4', '2.5', '3.', '4.', '4.1', '4.2', '4.3', '4.4', '5.', '6.', '6.1', '6.2', '6.3', '7.', '8.']
    
    日期: 2026-09-14 ~ 2026-09-15（2 个）
    
    --- 问题清单 ---
      无

=== D2-D3模型定稿与合成服务实施报告_V1.1.0.md ===
  mermaid: PASS
    [SKIP] D2-D3模型定稿与合成服务实施报告_V1.1.0.md :: 未找到 ```mermaid 代码块
    
    ==> 全部 0 张图通过语法校验
  lint   : PASS
    文件: D:\新建文件夹\blogs\双人对话播客自动生成系统\D2-D3模型定稿与合成服务实施报告_V1.1.0.md
    字符数: 18813
    代码围栏: 16（配平: OK）
    Mermaid 块: 0
    章节数: 14（数字体例）+ 10（中文序号体例）
    章节序列: ['2.1', '2.2', '2.3', '2.4', '3.1', '3.2', '4.1', '4.2', '4.3', '5.1', '5.2', '5.3', '5.4', '5.5']
    
    日期: 2026-09-15 ~ 2026-09-15（1 个）
    
    --- 问题清单 ---
      无

=== D4前置检查报告_V1.3.0.md ===
  mermaid: PASS
    [PASS] D4前置检查报告_V1.3.0.md #1 (flowchart TD)
    [PASS] D4前置检查报告_V1.3.0.md #2 (flowchart TD)
    [PASS] D4前置检查报告_V1.3.0.md #3 (flowchart TD)
    [PASS] D4前置检查报告_V1.3.0.md #4 (flowchart TD)
    
    ==> 全部 4 张图通过语法校验
  lint   : PASS
    文件: D:\新建文件夹\blogs\双人对话播客自动生成系统\D4前置检查报告_V1.3.0.md
    字符数: 36488
    代码围栏: 22（配平: OK）
    Mermaid 块: 4
    章节数: 35（数字体例）+ 11（中文序号体例）
    章节序列: ['2.1', '2.2', '2.3', '3.1', '3.2', '3.3', '3.4', '3.5', '4.1', '4.2', '4.3', '4.4', '5.1', '5.2', '5.3', '5.4', '5.5', '6.1', '6.2', '6.3', '6.4', '6.5', '6.6', '6.7', '6.8', '6.9', '6.10', '8.1', '8.2', '8.3', '8.4', '8.5', '9.1', '9.2', '11.1']
    
    日期: 2026-09-15 ~ 2026-09-15（1 个）
    
    --- 问题清单 ---
      无

=== D4脚本生成服务实施报告_V1.0.0.md ===
  mermaid: PASS
    [PASS] D4脚本生成服务实施报告_V1.0.0.md #1 (flowchart TD)
    [PASS] D4脚本生成服务实施报告_V1.0.0.md #2 (flowchart LR)
    [PASS] D4脚本生成服务实施报告_V1.0.0.md #3 (flowchart TD)
    [PASS] D4脚本生成服务实施报告_V1.0.0.md #4 (flowchart LR)
    
    ==> 全部 4 张图通过语法校验
  lint   : PASS
    文件: D:\新建文件夹\blogs\双人对话播客自动生成系统\D4脚本生成服务实施报告_V1.0.0.md
    字符数: 20466
    代码围栏: 10（配平: OK）
    Mermaid 块: 4
    章节数: 9（数字体例）+ 12（中文序号体例）
    章节序列: ['3.1', '3.2', '3.3', '4.1', '4.2', '4.3', '5.1', '5.2', '5.3']
    
    日期: 2026-09-15 ~ 2026-09-15（1 个）
    
    --- 问题清单 ---
      无

=== D5后期与导出实施报告_V1.1.1.md ===
  mermaid: PASS
    [PASS] D5后期与导出实施报告_V1.1.1.md #1 (flowchart LR)
    [PASS] D5后期与导出实施报告_V1.1.1.md #2 (flowchart TD)
    [PASS] D5后期与导出实施报告_V1.1.1.md #3 (stateDiagram-v2)
    [PASS] D5后期与导出实施报告_V1.1.1.md #4 (flowchart TD)
    [PASS] D5后期与导出实施报告_V1.1.1.md #5 (flowchart LR)
    
    ==> 全部 5 张图通过语法校验
  lint   : PASS
    文件: D:\新建文件夹\blogs\双人对话播客自动生成系统\D5后期与导出实施报告_V1.1.1.md
    字符数: 37136
    代码围栏: 18（配平: OK）
    Mermaid 块: 5
    章节数: 34（数字体例）+ 12（中文序号体例）
    章节序列: ['3.1', '3.2', '4.1', '4.2', '4.3', '5.1', '5.2', '5.3', '5.4', '6.1', '6.2', '6.3', '6.4', '6.5', '7.1', '7.2', '7.3', '7.4', '7.5', '7.6', '7.7', '8.1', '8.2', '8.3', '12.1', '12.2', '12.3', '12.4', '12.5', '12.6', '12.7', '12.8', '12.9', '12.10']
    
    日期: 2026-09-15 ~ 2026-09-16（2 个）
    
    --- 问题清单 ---
      无

=== D6后端API服务实施报告_V1.0.0.md ===
  mermaid: PASS
    [PASS] D6后端API服务实施报告_V1.0.0.md #1 (flowchart TB)
    [PASS] D6后端API服务实施报告_V1.0.0.md #2 (erDiagram)
    [PASS] D6后端API服务实施报告_V1.0.0.md #3 (stateDiagram-v2)
    [PASS] D6后端API服务实施报告_V1.0.0.md #4 (sequenceDiagram)
    
    ==> 全部 4 张图通过语法校验
  lint   : PASS
    文件: D:\新建文件夹\blogs\双人对话播客自动生成系统\D6后端API服务实施报告_V1.0.0.md
    字符数: 16572
    代码围栏: 12（配平: OK）
    Mermaid 块: 4
    章节数: 32（数字体例）+ 0（中文序号体例）
    章节序列: ['1', '1.1', '1.2', '1.3', '2', '2.1', '2.2', '3', '3.1', '3.2', '3.3', '4', '5', '5.1', '5.2', '5.3', '5.4', '6', '7', '8', '9', '10', '10.1', '10.2', '10.3', '11', '11.1', '11.2', '11.3', '11.4', '12', '13']
    
    日期: 2026-09-16 ~ 2026-09-16（1 个）
    
    --- 问题清单 ---
      无

=== D7-D9前端实施报告_V1.0.0.md ===
  mermaid: PASS
    [PASS] D7-D9前端实施报告_V1.0.0.md #1 (flowchart TB)
    [PASS] D7-D9前端实施报告_V1.0.0.md #2 (sequenceDiagram)
    
    ==> 全部 2 张图通过语法校验
  lint   : PASS
    文件: D:\新建文件夹\blogs\双人对话播客自动生成系统\D7-D9前端实施报告_V1.0.0.md
    字符数: 18775
    代码围栏: 6（配平: OK）
    Mermaid 块: 2
    章节数: 31（数字体例）+ 0（中文序号体例）
    章节序列: ['1', '1.1', '1.2', '1.3', '2', '2.1', '2.2', '2.3', '2.4', '3', '3.1', '3.2', '3.3', '4', '4.1', '4.2', '4.3', '5', '6', '6.1', '6.2', '6.3', '6.4', '7', '7.1', '7.2', '7.3', '7.4', '8', '9', '10']
    
    日期: 2026-09-17 ~ 2026-09-17（1 个）
    
    --- 问题清单 ---
      无

=== 前端测试基建实施报告_V1.0.0.md ===
  mermaid: PASS
    [PASS] 前端测试基建实施报告_V1.0.0.md #1 (flowchart TD)
    
    ==> 全部 1 张图通过语法校验
  lint   : PASS
    文件: D:\新建文件夹\blogs\双人对话播客自动生成系统\前端测试基建实施报告_V1.0.0.md
    字符数: 9119
    代码围栏: 14（配平: OK）
    Mermaid 块: 1
    章节数: 17（数字体例）+ 6（中文序号体例）
    章节序列: ['1.1', '1.2', '1.3', '2.1', '2.2', '2.3', '3.1', '3.2', '3.3', '4.1', '4.2', '5.1', '5.2', '5.3', '6.1', '6.2', '6.3']
    
    日期: 2026-09-18 ~ 2026-09-18（1 个）
    
    --- 问题清单 ---
      无

=== 双人对话播客自动生成系统_AI协作教程_V1.0.0.md ===
  mermaid: PASS
    [PASS] 双人对话播客自动生成系统_AI协作教程_V1.0.0.md #1 (flowchart LR)
    [PASS] 双人对话播客自动生成系统_AI协作教程_V1.0.0.md #2 (flowchart TB)
    
    ==> 全部 2 张图通过语法校验
  lint   : PASS
    文件: D:\新建文件夹\blogs\双人对话播客自动生成系统\双人对话播客自动生成系统_AI协作教程_V1.0.0.md
    字符数: 9090
    代码围栏: 4（配平: OK）
    Mermaid 块: 2
    章节数: 30（数字体例）+ 0（中文序号体例）
    章节序列: ['1.', '2.', '3.', '3.1', '3.2', '4.', '4.1', '4.2', '5.', '5.1', '5.2', '5.3', '5.4', '6.', '6.1', '6.2', '6.3', '6.4', '7.', '7.1', '7.2', '7.3', '8.', '8.1', '8.2', '8.3', '9.', '9.1', '10.', '11.']
    
    日期: 2026-09-20 ~ 2026-09-20（1 个）
    
    --- 问题清单 ---
      无

=== 双人对话播客自动生成系统_API接口文档_V1.0.0.md ===
  mermaid: PASS
    [PASS] 双人对话播客自动生成系统_API接口文档_V1.0.0.md #1 (sequenceDiagram)
    [PASS] 双人对话播客自动生成系统_API接口文档_V1.0.0.md #2 (stateDiagram-v2)
    
    ==> 全部 2 张图通过语法校验
  lint   : PASS
    文件: D:\新建文件夹\blogs\双人对话播客自动生成系统\双人对话播客自动生成系统_API接口文档_V1.0.0.md
    字符数: 20017
    代码围栏: 16（配平: OK）
    Mermaid 块: 2
    章节数: 41（数字体例）+ 0（中文序号体例）
    章节序列: ['1.', '1.1', '1.2', '2.', '2.1', '2.2', '2.3', '2.4', '3.', '3.1', '3.2', '3.3', '4.', '4.1', '5.', '5.1', '5.2', '5.3', '5.4', '5.5', '5.6', '5.7', '5.8', '5.9', '5.10', '6.', '6.1', '6.2', '6.3', '7.', '7.1', '7.2', '7.3', '7.4', '7.5', '8.', '9.', '9.1', '9.2', '10.', '11.']
    
    日期: 2026-09-20 ~ 2026-09-20（1 个）
    
    --- 问题清单 ---
      无

=== 双人对话播客自动生成系统_D14演示脚本_V1.1.0.md ===
  mermaid: PASS
    [SKIP] 双人对话播客自动生成系统_D14演示脚本_V1.1.0.md :: 未找到 ```mermaid 代码块
    
    ==> 全部 0 张图通过语法校验
  lint   : PASS
    文件: D:\新建文件夹\blogs\双人对话播客自动生成系统\双人对话播客自动生成系统_D14演示脚本_V1.1.0.md
    字符数: 11085
    代码围栏: 2（配平: OK）
    Mermaid 块: 0
    章节数: 7（数字体例）+ 9（中文序号体例）
    章节序列: ['0', '0', '1', '1', '2', '3', '4']
    
    日期: 2026-09-20 ~ 2026-09-20（1 个）
    
    --- 问题清单 ---
      无

=== 双人对话播客自动生成系统_D14验收自测表_V1.1.0.md ===
  mermaid: PASS
    [SKIP] 双人对话播客自动生成系统_D14验收自测表_V1.1.0.md :: 未找到 ```mermaid 代码块
    
    ==> 全部 0 张图通过语法校验
  lint   : PASS
    文件: D:\新建文件夹\blogs\双人对话播客自动生成系统\双人对话播客自动生成系统_D14验收自测表_V1.1.0.md
    字符数: 12651
    代码围栏: 2（配平: OK）
    Mermaid 块: 0
    章节数: 0（数字体例）+ 12（中文序号体例）
    章节序列: []
    
    日期: 2026-09-20 ~ 2026-09-20（1 个）
    
    --- 问题清单 ---
      无

=== 双人对话播客自动生成系统_MOS评测报告_V1.0.0.md ===
  mermaid: PASS
    [SKIP] 双人对话播客自动生成系统_MOS评测报告_V1.0.0.md :: 未找到 ```mermaid 代码块
    
    ==> 全部 0 张图通过语法校验
  lint   : PASS
    文件: D:\新建文件夹\blogs\双人对话播客自动生成系统\双人对话播客自动生成系统_MOS评测报告_V1.0.0.md
    字符数: 4791
    代码围栏: 2（配平: OK）
    Mermaid 块: 0
    章节数: 3（数字体例）+ 8（中文序号体例）
    章节序列: ['5.1', '5.2', '5.3']
    
    日期: 2026-09-18 ~ 2026-09-20（2 个）
    
    --- 问题清单 ---
      无

=== 双人对话播客自动生成系统_RAG语料与提示词_V1.0.0.md ===
  mermaid: PASS
    [PASS] 双人对话播客自动生成系统_RAG语料与提示词_V1.0.0.md #1 (flowchart TB)
    
    ==> 全部 1 张图通过语法校验
  lint   : PASS
    文件: D:\新建文件夹\blogs\双人对话播客自动生成系统\双人对话播客自动生成系统_RAG语料与提示词_V1.0.0.md
    字符数: 12985
    代码围栏: 8（配平: OK）
    Mermaid 块: 1
    章节数: 22（数字体例）+ 5（中文序号体例）
    章节序列: ['1.', '2.', '2.1', '3.', '3.1', '3.2', '3.3', '3.4', '4.', '4.1', '4.2', '4.3', '5.', '5.1', '5.2', '5.3', '6.', '6.1', '7.', '8.', '9.', '10.']
    
    日期: 2026-09-20 ~ 2026-09-20（1 个）
    
    --- 问题清单 ---
      无

=== 双人对话播客自动生成系统_UI-UX设计说明_V1.0.0.md ===
  mermaid: PASS
    [PASS] 双人对话播客自动生成系统_UI-UX设计说明_V1.0.0.md #1 (flowchart TB)
    [PASS] 双人对话播客自动生成系统_UI-UX设计说明_V1.0.0.md #2 (flowchart LR)
    [PASS] 双人对话播客自动生成系统_UI-UX设计说明_V1.0.0.md #3 (flowchart TB)
    [PASS] 双人对话播客自动生成系统_UI-UX设计说明_V1.0.0.md #4 (sequenceDiagram)
    
    ==> 全部 4 张图通过语法校验
  lint   : PASS
    文件: D:\新建文件夹\blogs\双人对话播客自动生成系统\双人对话播客自动生成系统_UI-UX设计说明_V1.0.0.md
    字符数: 15806
    代码围栏: 12（配平: OK）
    Mermaid 块: 4
    章节数: 40（数字体例）+ 0（中文序号体例）
    章节序列: ['1.', '1.1', '1.2', '1.3', '2.', '2.1', '2.2', '2.3', '3.', '3.1', '3.2', '3.3', '3.4', '3.5', '3.6', '4.', '4.1', '4.2', '4.3', '5.', '5.1', '5.2', '5.3', '5.4', '6.', '6.1', '6.2', '6.3', '7.', '8.', '8.1', '8.2', '8.3', '9.', '9.1', '10.', '10.1', '10.2', '10.3', '11.']
    
    日期: 2026-09-20 ~ 2026-09-20（1 个）
    
    --- 问题清单 ---
      无

=== 双人对话播客自动生成系统_一致率比对报告_V1.0.0.md ===
  mermaid: PASS
    [SKIP] 双人对话播客自动生成系统_一致率比对报告_V1.0.0.md :: 未找到 ```mermaid 代码块
    
    ==> 全部 0 张图通过语法校验
  lint   : PASS
    文件: D:\新建文件夹\blogs\双人对话播客自动生成系统\双人对话播客自动生成系统_一致率比对报告_V1.0.0.md
    字符数: 3539
    代码围栏: 6（配平: OK）
    Mermaid 块: 0
    章节数: 3（数字体例）+ 7（中文序号体例）
    章节序列: ['5.1', '5.2', '5.3']
    
    日期: 2026-09-20 ~ 2026-09-20（1 个）
    
    --- 问题清单 ---
      无

=== 双人对话播客自动生成系统_产品需求规格说明书_V1.3.0.md ===
  mermaid: PASS
    [PASS] 双人对话播客自动生成系统_产品需求规格说明书_V1.3.0.md #1 (graph LR)
    [PASS] 双人对话播客自动生成系统_产品需求规格说明书_V1.3.0.md #2 (graph TB)
    [PASS] 双人对话播客自动生成系统_产品需求规格说明书_V1.3.0.md #3 (sequenceDiagram)
    [PASS] 双人对话播客自动生成系统_产品需求规格说明书_V1.3.0.md #4 (flowchart LR)
    [PASS] 双人对话播客自动生成系统_产品需求规格说明书_V1.3.0.md #5 (stateDiagram-v2)
    [PASS] 双人对话播客自动生成系统_产品需求规格说明书_V1.3.0.md #6 (erDiagram)
    
    ==> 全部 6 张图通过语法校验
  lint   : PASS
    文件: D:\新建文件夹\blogs\双人对话播客自动生成系统\双人对话播客自动生成系统_产品需求规格说明书_V1.3.0.md
    字符数: 45037
    代码围栏: 36（配平: OK）
    Mermaid 块: 6
    章节数: 41（数字体例）+ 9（中文序号体例）
    章节序列: ['1.1', '1.2', '1.3', '1.4', '1.5', '2.1', '2.2', '2.3', '2.4', '2.5', '2.6', '2.7', '3.1', '3.2', '3.3', '3.4', '3.5', '3.6', '4.1', '4.2', '4.3', '4.4', '4.5', '4.6', '5.1', '5.2', '5.3', '6.1', '6.2', '6.3', '6.4', '6.5', '6.6', '7.1', '7.2', '7.3', '9.1', '9.2', '9.3', '9.4', '9.5']
    
    日期: 2026-09-14 ~ 2026-09-20（3 个）
    
    --- 问题清单 ---
      无

=== 双人对话播客自动生成系统_任务书交付物对照与查漏补缺报告_V1.0.0.md ===
  mermaid: PASS
    [SKIP] 双人对话播客自动生成系统_任务书交付物对照与查漏补缺报告_V1.0.0.md :: 未找到 ```mermaid 代码块
    
    ==> 全部 0 张图通过语法校验
  lint   : PASS
    文件: D:\新建文件夹\blogs\双人对话播客自动生成系统\双人对话播客自动生成系统_任务书交付物对照与查漏补缺报告_V1.0.0.md
    字符数: 9432
    代码围栏: 0（配平: OK）
    Mermaid 块: 0
    章节数: 10（数字体例）+ 9（中文序号体例）
    章节序列: ['2.1', '3.1', '3.2', '4.1', '4.2', '7.1', '7.2', '8.1', '8.2', '8.3']
    
    日期: 2026-09-20 ~ 2026-09-20（1 个）
    
    --- 问题清单 ---
      无

=== 双人对话播客自动生成系统_前端组件库清单_V1.0.0.md ===
  mermaid: PASS
    [PASS] 双人对话播客自动生成系统_前端组件库清单_V1.0.0.md #1 (flowchart TB)
    
    ==> 全部 1 张图通过语法校验
  lint   : PASS
    文件: D:\新建文件夹\blogs\双人对话播客自动生成系统\双人对话播客自动生成系统_前端组件库清单_V1.0.0.md
    字符数: 5551
    代码围栏: 2（配平: OK）
    Mermaid 块: 1
    章节数: 4（数字体例）+ 7（中文序号体例）
    章节序列: ['3.1', '3.2', '3.3', '3.4']
    
    日期: 2026-09-20 ~ 2026-09-20（1 个）
    
    --- 问题清单 ---
      无

=== 双人对话播客自动生成系统_合成基线报告_V1.0.0.md ===
  mermaid: PASS
    [PASS] 双人对话播客自动生成系统_合成基线报告_V1.0.0.md #1 (flowchart TB)
    
    ==> 全部 1 张图通过语法校验
  lint   : PASS
    文件: D:\新建文件夹\blogs\双人对话播客自动生成系统\双人对话播客自动生成系统_合成基线报告_V1.0.0.md
    字符数: 8203
    代码围栏: 4（配平: OK）
    Mermaid 块: 1
    章节数: 8（数字体例）+ 9（中文序号体例）
    章节序列: ['2.1', '2.2', '2.3', '4.0', '4.1', '4.2', '4.3', '4.4']
    
    日期: 2026-09-17 ~ 2026-09-20（2 个）
    
    --- 问题清单 ---
      无

=== 双人对话播客自动生成系统_开发计划书_V1.22.0.md ===
  mermaid: PASS
    [PASS] 双人对话播客自动生成系统_开发计划书_V1.22.0.md #1 (graph TB)
    [PASS] 双人对话播客自动生成系统_开发计划书_V1.22.0.md #2 (sequenceDiagram)
    [PASS] 双人对话播客自动生成系统_开发计划书_V1.22.0.md #3 (flowchart LR)
    [PASS] 双人对话播客自动生成系统_开发计划书_V1.22.0.md #4 (stateDiagram-v2)
    [PASS] 双人对话播客自动生成系统_开发计划书_V1.22.0.md #5 (erDiagram)
    [PASS] 双人对话播客自动生成系统_开发计划书_V1.22.0.md #6 (gantt)
    
    ==> 全部 6 张图通过语法校验
  lint   : PASS
    文件: D:\新建文件夹\blogs\双人对话播客自动生成系统\双人对话播客自动生成系统_开发计划书_V1.22.0.md
    字符数: 141162
    代码围栏: 32（配平: OK）
    Mermaid 块: 6
    章节数: 52（数字体例）+ 0（中文序号体例）
    章节序列: ['1.', '1.1', '1.2', '1.3', '1.4', '2.', '2.1', '2.2', '2.3', '2.4', '2.5', '3.', '3.1', '3.2', '4.', '4.1', '4.2', '4.3', '4.4', '4.5', '4.6', '4.7', '4.8', '4.9', '4.10', '5.', '5.1', '6.', '6.1', '6.2', '6.3', '7.', '7.1', '7.2', '7.3', '8.', '8.1', '8.2', '8.3', '9.', '10.', '10.1', '10.2', '10.3', '10.4', '11.', '11.1', '11.2', '11.3', '11.4', '11.5', '11.6']
    
    日期: 2026-09-14 ~ 2026-09-28（15 个）
    
    --- 问题清单 ---
      无

=== 双人对话播客自动生成系统_数据库设计文档_V1.0.0.md ===
  mermaid: PASS
    [PASS] 双人对话播客自动生成系统_数据库设计文档_V1.0.0.md #1 (erDiagram)
    [PASS] 双人对话播客自动生成系统_数据库设计文档_V1.0.0.md #2 (flowchart LR)
    
    ==> 全部 2 张图通过语法校验
  lint   : PASS
    文件: D:\新建文件夹\blogs\双人对话播客自动生成系统\双人对话播客自动生成系统_数据库设计文档_V1.0.0.md
    字符数: 20883
    代码围栏: 14（配平: OK）
    Mermaid 块: 2
    章节数: 35（数字体例）+ 0（中文序号体例）
    章节序列: ['1.', '1.1', '1.2', '1.3', '1.4', '2.', '3.', '4.', '4.1', '4.2', '4.3', '5.', '5.1', '5.2', '5.3', '6.', '6.1', '6.2', '6.3', '7.', '8.', '9.', '9.1', '9.2', '9.3', '9.4', '10.', '10.1', '10.2', '10.3', '11.', '11.1', '11.2', '12.', '13.']
    
    日期: 2026-09-20 ~ 2026-09-20（1 个）
    
    --- 问题清单 ---
      无

=== 双人对话播客自动生成系统_测试报告_V1.1.0.md ===
  mermaid: PASS
    [PASS] 双人对话播客自动生成系统_测试报告_V1.1.0.md #1 (flowchart TB)
    
    ==> 全部 1 张图通过语法校验
  lint   : PASS
    文件: D:\新建文件夹\blogs\双人对话播客自动生成系统\双人对话播客自动生成系统_测试报告_V1.1.0.md
    字符数: 19464
    代码围栏: 12（配平: OK）
    Mermaid 块: 1
    章节数: 43（数字体例）+ 0（中文序号体例）
    章节序列: ['1.', '1.1', '1.2', '2.', '3.', '3.1', '3.2', '3.3', '4.', '4.1', '4.2', '4.3', '5.', '5.1', '5.2', '5.3', '6.', '6.1', '6.2', '6.3', '7.', '7.1', '7.2', '7.3', '8.', '8.1', '8.2', '8.3', '9.', '9.1', '10.', '10.1', '10.2', '11.', '11.1', '11.2', '12.', '13.', '13.1', '13.2', '13.3', '13.4', '13.5']
    
    日期: 2026-09-20 ~ 2026-09-20（1 个）
    
    --- 问题清单 ---
      无

=== 双人对话播客自动生成系统_环境配置手册_V1.0.0.md ===
  mermaid: PASS
    [PASS] 双人对话播客自动生成系统_环境配置手册_V1.0.0.md #1 (flowchart TB)
    
    ==> 全部 1 张图通过语法校验
  lint   : PASS
    文件: D:\新建文件夹\blogs\双人对话播客自动生成系统\双人对话播客自动生成系统_环境配置手册_V1.0.0.md
    字符数: 10884
    代码围栏: 20（配平: OK）
    Mermaid 块: 1
    章节数: 3（数字体例）+ 11（中文序号体例）
    章节序列: ['1.1', '4.1', '10.1']
    
    日期: 2026-09-16 ~ 2026-09-20（2 个）
    
    --- 问题清单 ---
      无

=== 双人对话播客自动生成系统_系统架构设计文档_V1.0.0.md ===
  mermaid: PASS
    [PASS] 双人对话播客自动生成系统_系统架构设计文档_V1.0.0.md #1 (flowchart TB)
    [PASS] 双人对话播客自动生成系统_系统架构设计文档_V1.0.0.md #2 (flowchart TB)
    [PASS] 双人对话播客自动生成系统_系统架构设计文档_V1.0.0.md #3 (stateDiagram-v2)
    [PASS] 双人对话播客自动生成系统_系统架构设计文档_V1.0.0.md #4 (sequenceDiagram)
    [PASS] 双人对话播客自动生成系统_系统架构设计文档_V1.0.0.md #5 (flowchart LR)
    [PASS] 双人对话播客自动生成系统_系统架构设计文档_V1.0.0.md #6 (erDiagram)
    
    ==> 全部 6 张图通过语法校验
  lint   : PASS
    文件: D:\新建文件夹\blogs\双人对话播客自动生成系统\双人对话播客自动生成系统_系统架构设计文档_V1.0.0.md
    字符数: 14099
    代码围栏: 12（配平: OK）
    Mermaid 块: 6
    章节数: 9（数字体例）+ 9（中文序号体例）
    章节序列: ['3.1', '3.2', '4.1', '4.2', '4.3', '5.1', '5.2', '6.1', '6.2']
    
    日期: 2026-09-20 ~ 2026-09-20（1 个）
    
    --- 问题清单 ---
      无

=== 双人对话播客自动生成系统_部署基线报告_V1.0.0.md ===
  mermaid: PASS
    [PASS] 双人对话播客自动生成系统_部署基线报告_V1.0.0.md #1 (flowchart LR)
    
    ==> 全部 1 张图通过语法校验
  lint   : PASS
    文件: D:\新建文件夹\blogs\双人对话播客自动生成系统\双人对话播客自动生成系统_部署基线报告_V1.0.0.md
    字符数: 6921
    代码围栏: 4（配平: OK）
    Mermaid 块: 1
    章节数: 4（数字体例）+ 8（中文序号体例）
    章节序列: ['4.1', '4.2', '4.3', '4.4']
    
    日期: 2026-09-20 ~ 2026-09-20（1 个）
    
    --- 问题清单 ---
      无

=== 双人对话播客自动生成系统_部署运维手册_V1.2.0.md ===
  mermaid: PASS
    [PASS] 双人对话播客自动生成系统_部署运维手册_V1.2.0.md #1 (flowchart TB)
    
    ==> 全部 1 张图通过语法校验
  lint   : PASS
    文件: D:\新建文件夹\blogs\双人对话播客自动生成系统\双人对话播客自动生成系统_部署运维手册_V1.2.0.md
    字符数: 30480
    代码围栏: 40（配平: OK）
    Mermaid 块: 1
    章节数: 52（数字体例）+ 0（中文序号体例）
    章节序列: ['1.', '2.', '2.1', '2.2', '2.3', '3.', '3.1', '3.2', '3.3', '4.', '4.1', '4.2', '4.3', '4.4', '4.5', '4.6', '4.7', '4.8', '4.9', '4.10', '5.', '5.1', '5.2', '5.3', '5.4', '6.', '6.1', '6.2', '7.', '7.1', '7.2', '7.3', '7.4', '7.5', '7.6', '8.', '8.1', '8.2', '8.3', '8.4', '8.5', '8.6', '8.7', '9.', '9.1', '9.2', '9.3', '10.', '10.1', '10.2', '10.3', '10.4']
    
    日期: 2026-09-20 ~ 2026-09-20（1 个）
    
    --- 问题清单 ---
      无

=== 双人对话播客自动生成系统_项目参数说明_V1.0.0.md ===
  mermaid: PASS
    [PASS] 双人对话播客自动生成系统_项目参数说明_V1.0.0.md #1 (flowchart LR)
    [PASS] 双人对话播客自动生成系统_项目参数说明_V1.0.0.md #2 (flowchart TB)
    
    ==> 全部 2 张图通过语法校验
  lint   : PASS
    文件: D:\新建文件夹\blogs\双人对话播客自动生成系统\双人对话播客自动生成系统_项目参数说明_V1.0.0.md
    字符数: 18143
    代码围栏: 22（配平: OK）
    Mermaid 块: 2
    章节数: 38（数字体例）+ 0（中文序号体例）
    章节序列: ['1.', '1.1', '1.2', '1.3', '2.', '2.1', '2.2', '2.3', '3.', '3.1', '3.2', '3.3', '3.4', '3.5', '3.6', '3.7', '3.8', '3.9', '3.10', '3.11', '3.12', '3.13', '3.14', '3.15', '4.', '4.1', '5.', '5.1', '5.2', '6.', '6.1', '6.2', '6.3', '6.4', '6.5', '7.', '7.1', '8.']
    
    日期: 2026-09-20 ~ 2026-09-20（1 个）
    
    --- 问题清单 ---
      无

================================================
结果：32 份全部通过
